#
# There is insufficient memory for the Java Runtime Environment to continue.
# Native memory allocation (malloc) failed to allocate 1154896 bytes. Error detail: Chunk::new
# Possible reasons:
#   The system is out of physical RAM or swap space
#   This process is running with CompressedOops enabled, and the Java Heap may be blocking the growth of the native heap
# Possible solutions:
#   Reduce memory load on the system
#   Increase physical memory or swap space
#   Check if swap backing store is full
#   Decrease Java heap size (-Xmx/-Xms)
#   Decrease number of Java threads
#   Decrease Java thread stack sizes (-Xss)
#   Set larger code cache with -XX:ReservedCodeCacheSize=
#   JVM is running with Unscaled Compressed Oops mode in which the Java heap is
#     placed in the first 4GB address space. The Java Heap base address is the
#     maximum limit for the native heap growth. Please use -XX:HeapBaseMinAddress
#     to set the Java Heap base and to place the Java Heap above 4GB virtual address.
# This output file may be truncated or incomplete.
#
#  Out of Memory Error (arena.cpp:168), pid=28072, tid=44176
#
# JRE version: OpenJDK Runtime Environment (21.0.5) (build 21.0.5+-13047016-b750.29)
# Java VM: OpenJDK 64-Bit Server VM (21.0.5+-13047016-b750.29, mixed mode, tiered, compressed oops, compressed class ptrs, g1 gc, windows-amd64)
# No core dump will be written. Minidumps are not enabled by default on client versions of Windows
#

---------------  S U M M A R Y ------------

Command Line: org.jetbrains.kotlin.cli.jvm.K2JVMCompiler @C:\Users\admin\AndroidStudioProjects\Driveon\app\build\20260624_4350729140939835137.compiler.options

Host: Intel(R) Core(TM) i5-8350U CPU @ 1.70GHz, 8 cores, 7G,  Windows 11 , 64 bit Build 26100 (10.0.26100.8521)
Time: Wed Jun 24 15:03:46 2026 India Standard Time elapsed time: 21.710037 seconds (0d 0h 0m 21s)

---------------  T H R E A D  ---------------

Current thread (0x000001c78610d2f0):  JavaThread "C2 CompilerThread2" daemon [_thread_in_native, id=44176, stack(0x000000c72e200000,0x000000c72e300000) (1024K)]


Current CompileTask:
C2:21710 17415       4       org.jetbrains.kotlin.types.AbstractTypeApproximator::approximateParametrizedType (1382 bytes)

Stack: [0x000000c72e200000,0x000000c72e300000]
Native frames: (J=compiled Java code, j=interpreted, Vv=VM code, C=native code)
V  [jvm.dll+0x6cfb29]
V  [jvm.dll+0x85df93]
V  [jvm.dll+0x8604ee]
V  [jvm.dll+0x860bd3]
V  [jvm.dll+0x27e6b6]
V  [jvm.dll+0xbff6d]
V  [jvm.dll+0xc04a3]
V  [jvm.dll+0x3b5fc1]
V  [jvm.dll+0x1de852]
V  [jvm.dll+0x247db4]
V  [jvm.dll+0x247231]
V  [jvm.dll+0x1c5ee4]
V  [jvm.dll+0x25697c]
V  [jvm.dll+0x254ec6]
V  [jvm.dll+0x3f0ce6]
V  [jvm.dll+0x806368]
V  [jvm.dll+0x6ce3fd]
C  [ucrtbase.dll+0x2cd30]
C  [KERNEL32.DLL+0x2e957]
C  [ntdll.dll+0x87c1c]


---------------  P R O C E S S  ---------------

Threads class SMR info:
_java_thread_list=0x000001c785e91ed0, length=13, elements={
0x000001c7e761d850, 0x000001c7fee00c40, 0x000001c7fee05e30, 0x000001c7fee26f60,
0x000001c7fee275c0, 0x000001c7fee28010, 0x000001c7fee08ea0, 0x000001c7fee0afb0,
0x000001c7fee39810, 0x000001c7fefd4c10, 0x000001c7feff2170, 0x000001c7852547a0,
0x000001c78610d2f0
}

Java Threads: ( => current thread )
  0x000001c7e761d850 JavaThread "main"                              [_thread_blocked, id=43220, stack(0x000000c72c700000,0x000000c72c800000) (1024K)]
  0x000001c7fee00c40 JavaThread "Reference Handler"          daemon [_thread_blocked, id=39364, stack(0x000000c72cf00000,0x000000c72d000000) (1024K)]
  0x000001c7fee05e30 JavaThread "Finalizer"                  daemon [_thread_blocked, id=41488, stack(0x000000c72d000000,0x000000c72d100000) (1024K)]
  0x000001c7fee26f60 JavaThread "Signal Dispatcher"          daemon [_thread_blocked, id=23788, stack(0x000000c72d100000,0x000000c72d200000) (1024K)]
  0x000001c7fee275c0 JavaThread "Attach Listener"            daemon [_thread_blocked, id=35144, stack(0x000000c72d200000,0x000000c72d300000) (1024K)]
  0x000001c7fee28010 JavaThread "Service Thread"             daemon [_thread_blocked, id=30836, stack(0x000000c72d300000,0x000000c72d400000) (1024K)]
  0x000001c7fee08ea0 JavaThread "Monitor Deflation Thread"   daemon [_thread_blocked, id=47688, stack(0x000000c72d400000,0x000000c72d500000) (1024K)]
  0x000001c7fee0afb0 JavaThread "C2 CompilerThread0"         daemon [_thread_blocked, id=46424, stack(0x000000c72d500000,0x000000c72d600000) (1024K)]
  0x000001c7fee39810 JavaThread "C1 CompilerThread0"         daemon [_thread_blocked, id=29212, stack(0x000000c72d600000,0x000000c72d700000) (1024K)]
  0x000001c7fefd4c10 JavaThread "Notification Thread"        daemon [_thread_blocked, id=14676, stack(0x000000c72d700000,0x000000c72d800000) (1024K)]
  0x000001c7feff2170 JavaThread "Common-Cleaner"             daemon [_thread_blocked, id=41852, stack(0x000000c72d800000,0x000000c72d900000) (1024K)]
  0x000001c7852547a0 JavaThread "C2 CompilerThread1"         daemon [_thread_blocked, id=46216, stack(0x000000c72d900000,0x000000c72da00000) (1024K)]
=>0x000001c78610d2f0 JavaThread "C2 CompilerThread2"         daemon [_thread_in_native, id=44176, stack(0x000000c72e200000,0x000000c72e300000) (1024K)]
Total: 13

Other Threads:
  0x000001c7fedbc3d0 VMThread "VM Thread"                           [id=40152, stack(0x000000c72ce00000,0x000000c72cf00000) (1024K)]
  0x000001c7febf4f10 WatcherThread "VM Periodic Task Thread"        [id=42072, stack(0x000000c72cd00000,0x000000c72ce00000) (1024K)]
  0x000001c7e766c4c0 WorkerThread "GC Thread#0"                     [id=43140, stack(0x000000c72c800000,0x000000c72c900000) (1024K)]
  0x000001c7ff7b53e0 WorkerThread "GC Thread#1"                     [id=33820, stack(0x000000c72db00000,0x000000c72dc00000) (1024K)]
  0x000001c7ff800ff0 WorkerThread "GC Thread#2"                     [id=45296, stack(0x000000c72dc00000,0x000000c72dd00000) (1024K)]
  0x000001c7ff871e20 WorkerThread "GC Thread#3"                     [id=33160, stack(0x000000c72dd00000,0x000000c72de00000) (1024K)]
  0x000001c7ff8721c0 WorkerThread "GC Thread#4"                     [id=32408, stack(0x000000c72de00000,0x000000c72df00000) (1024K)]
  0x000001c7ff872960 WorkerThread "GC Thread#5"                     [id=47756, stack(0x000000c72df00000,0x000000c72e000000) (1024K)]
  0x000001c7840469e0 WorkerThread "GC Thread#6"                     [id=15048, stack(0x000000c72da00000,0x000000c72db00000) (1024K)]
  0x000001c784047860 WorkerThread "GC Thread#7"                     [id=18288, stack(0x000000c72e000000,0x000000c72e100000) (1024K)]
  0x000001c7e767e030 ConcurrentGCThread "G1 Main Marker"            [id=48040, stack(0x000000c72c900000,0x000000c72ca00000) (1024K)]
  0x000001c7e76816c0 WorkerThread "G1 Conc#0"                       [id=43876, stack(0x000000c72ca00000,0x000000c72cb00000) (1024K)]
  0x000001c784046d80 WorkerThread "G1 Conc#1"                       [id=33816, stack(0x000000c72e100000,0x000000c72e200000) (1024K)]
  0x000001c7feac5200 ConcurrentGCThread "G1 Refine#0"               [id=46284, stack(0x000000c72cb00000,0x000000c72cc00000) (1024K)]
  0x000001c7feac5820 ConcurrentGCThread "G1 Service"                [id=14908, stack(0x000000c72cc00000,0x000000c72cd00000) (1024K)]
Total: 15

Threads with active compile tasks:
C2 CompilerThread0  21788 17432       4       org.jetbrains.kotlin.ir.util.IrFakeOverrideUtilsKt::resolveFakeOverride (77 bytes)
C1 CompilerThread0  21788 17611       3       org.jetbrains.kotlin.backend.jvm.lower.TailCallOptimizationLowering$lower$1::visitConst (10 bytes)
C2 CompilerThread1  21789 17505       4       org.jetbrains.kotlin.backend.jvm.lower.BridgeLowering::createBridges (1016 bytes)
C2 CompilerThread2  21789 17415       4       org.jetbrains.kotlin.types.AbstractTypeApproximator::approximateParametrizedType (1382 bytes)
Total: 4

VM state: at safepoint (normal execution)

VM Mutex/Monitor currently owned by a thread:  ([mutex/lock_event])
[0x00007ffd8c3bd360] Threads_lock - owner thread: 0x000001c7fedbc3d0
[0x00007ffd8c3bd460] Heap_lock - owner thread: 0x000001c7e767e030

Heap address: 0x0000000082600000, size: 2010 MB, Compressed Oops mode: 32-bit

CDS archive(s) not mapped
Compressed class space mapped at: 0x0000000100000000-0x0000000140000000, reserved size: 1073741824
Narrow klass base: 0x0000000000000000, Narrow klass shift: 3, Narrow klass range: 0x140000000

GC Precious Log:
 CardTable entry size: 512
 Card Set container configuration: InlinePtr #cards 5 size 8 Array Of Cards #cards 12 size 40 Howl #buckets 4 coarsen threshold 1843 Howl Bitmap #cards 512 size 80 coarsen threshold 460 Card regions per heap region 1 cards per card region 2048
 CPUs: 8 total, 8 available
 Memory: 8035M
 Large Page Support: Disabled
 NUMA Support: Disabled
 Compressed Oops: Enabled (32-bit)
 Heap Region Size: 1M
 Heap Min Capacity: 8M
 Heap Initial Capacity: 126M
 Heap Max Capacity: 2010M
 Pre-touch: Disabled
 Parallel Workers: 8
 Concurrent Workers: 2
 Concurrent Refinement Workers: 8
 Periodic GC: Disabled

Heap:
 garbage-first heap   total 186368K, used 120455K [0x0000000082600000, 0x0000000100000000)
  region size 1024K, 6 young (6144K), 2 survivors (2048K)
 Metaspace       used 79388K, committed 80128K, reserved 1179648K
  class space    used 8201K, committed 8576K, reserved 1048576K

Heap Regions: E=young(eden), S=young(survivor), O=old, HS=humongous(starts), HC=humongous(continues), CS=collection set, F=free, TAMS=top-at-mark-start, PB=parsable bottom
|   0|0x0000000082600000, 0x0000000082700000, 0x0000000082700000|100%|HS|  |TAMS 0x0000000082700000| PB 0x0000000082600000| Complete 
|   1|0x0000000082700000, 0x0000000082800000, 0x0000000082800000|100%|HC|  |TAMS 0x0000000082800000| PB 0x0000000082700000| Complete 
|   2|0x0000000082800000, 0x0000000082900000, 0x0000000082900000|100%|HC|  |TAMS 0x0000000082900000| PB 0x0000000082800000| Complete 
|   3|0x0000000082900000, 0x0000000082a00000, 0x0000000082a00000|100%|HC|  |TAMS 0x0000000082a00000| PB 0x0000000082900000| Complete 
|   4|0x0000000082a00000, 0x0000000082b00000, 0x0000000082b00000|100%| O|  |TAMS 0x0000000082b00000| PB 0x0000000082b00000| Updating 
|   5|0x0000000082b00000, 0x0000000082c00000, 0x0000000082c00000|100%| O|  |TAMS 0x0000000082c00000| PB 0x0000000082c00000| Untracked 
|   6|0x0000000082c00000, 0x0000000082d00000, 0x0000000082d00000|100%| O|  |TAMS 0x0000000082d00000| PB 0x0000000082d00000| Untracked 
|   7|0x0000000082d00000, 0x0000000082e00000, 0x0000000082e00000|100%| O|  |TAMS 0x0000000082e00000| PB 0x0000000082e00000| Untracked 
|   8|0x0000000082e00000, 0x0000000082f00000, 0x0000000082f00000|100%| O|  |TAMS 0x0000000082f00000| PB 0x0000000082f00000| Untracked 
|   9|0x0000000082f00000, 0x0000000083000000, 0x0000000083000000|100%| O|  |TAMS 0x0000000083000000| PB 0x0000000083000000| Untracked 
|  10|0x0000000083000000, 0x0000000083100000, 0x0000000083100000|100%| O|  |TAMS 0x0000000083100000| PB 0x0000000083100000| Untracked 
|  11|0x0000000083100000, 0x0000000083200000, 0x0000000083200000|100%| O|  |TAMS 0x0000000083200000| PB 0x0000000083200000| Untracked 
|  12|0x0000000083200000, 0x0000000083300000, 0x0000000083300000|100%| O|  |TAMS 0x0000000083300000| PB 0x0000000083300000| Updating 
|  13|0x0000000083300000, 0x0000000083400000, 0x0000000083400000|100%| O|  |TAMS 0x0000000083400000| PB 0x0000000083400000| Updating 
|  14|0x0000000083400000, 0x0000000083500000, 0x0000000083500000|100%| O|  |TAMS 0x0000000083500000| PB 0x0000000083500000| Updating 
|  15|0x0000000083500000, 0x0000000083600000, 0x0000000083600000|100%| O|  |TAMS 0x0000000083600000| PB 0x0000000083600000| Untracked 
|  16|0x0000000083600000, 0x0000000083700000, 0x0000000083700000|100%| O|  |TAMS 0x0000000083700000| PB 0x0000000083700000| Updating 
|  17|0x0000000083700000, 0x0000000083800000, 0x0000000083800000|100%| O|  |TAMS 0x0000000083800000| PB 0x0000000083800000| Untracked 
|  18|0x0000000083800000, 0x0000000083900000, 0x0000000083900000|100%| O|  |TAMS 0x0000000083900000| PB 0x0000000083900000| Updating 
|  19|0x0000000083900000, 0x0000000083a00000, 0x0000000083a00000|100%| O|  |TAMS 0x0000000083a00000| PB 0x0000000083a00000| Untracked 
|  20|0x0000000083a00000, 0x0000000083b00000, 0x0000000083b00000|100%| O|  |TAMS 0x0000000083b00000| PB 0x0000000083b00000| Untracked 
|  21|0x0000000083b00000, 0x0000000083c00000, 0x0000000083c00000|100%| O|  |TAMS 0x0000000083c00000| PB 0x0000000083c00000| Untracked 
|  22|0x0000000083c00000, 0x0000000083d00000, 0x0000000083d00000|100%| O|  |TAMS 0x0000000083d00000| PB 0x0000000083d00000| Untracked 
|  23|0x0000000083d00000, 0x0000000083e00000, 0x0000000083e00000|100%|HS|  |TAMS 0x0000000083e00000| PB 0x0000000083d00000| Complete 
|  24|0x0000000083e00000, 0x0000000083f00000, 0x0000000083f00000|100%|HC|  |TAMS 0x0000000083f00000| PB 0x0000000083e00000| Complete 
|  25|0x0000000083f00000, 0x0000000084000000, 0x0000000084000000|100%| O|  |TAMS 0x0000000084000000| PB 0x0000000084000000| Updating 
|  26|0x0000000084000000, 0x0000000084100000, 0x0000000084100000|100%| O|  |TAMS 0x0000000084100000| PB 0x0000000084100000| Untracked 
|  27|0x0000000084100000, 0x0000000084200000, 0x0000000084200000|100%| O|  |TAMS 0x0000000084200000| PB 0x0000000084200000| Untracked 
|  28|0x0000000084200000, 0x0000000084300000, 0x0000000084300000|100%| O|  |TAMS 0x0000000084300000| PB 0x0000000084300000| Updating 
|  29|0x0000000084300000, 0x0000000084400000, 0x0000000084400000|100%| O|  |TAMS 0x0000000084400000| PB 0x0000000084400000| Untracked 
|  30|0x0000000084400000, 0x0000000084500000, 0x0000000084500000|100%| O|  |TAMS 0x0000000084500000| PB 0x0000000084500000| Untracked 
|  31|0x0000000084500000, 0x0000000084600000, 0x0000000084600000|100%| O|  |TAMS 0x0000000084600000| PB 0x0000000084600000| Untracked 
|  32|0x0000000084600000, 0x0000000084700000, 0x0000000084700000|100%| O|  |TAMS 0x0000000084700000| PB 0x0000000084700000| Updating 
|  33|0x0000000084700000, 0x0000000084800000, 0x0000000084800000|100%| O|  |TAMS 0x0000000084800000| PB 0x0000000084800000| Untracked 
|  34|0x0000000084800000, 0x0000000084900000, 0x0000000084900000|100%| O|  |TAMS 0x0000000084900000| PB 0x0000000084900000| Untracked 
|  35|0x0000000084900000, 0x0000000084a00000, 0x0000000084a00000|100%| O|  |TAMS 0x0000000084a00000| PB 0x0000000084a00000| Updating 
|  36|0x0000000084a00000, 0x0000000084b00000, 0x0000000084b00000|100%| O|  |TAMS 0x0000000084b00000| PB 0x0000000084b00000| Updating 
|  37|0x0000000084b00000, 0x0000000084c00000, 0x0000000084c00000|100%| O|  |TAMS 0x0000000084c00000| PB 0x0000000084c00000| Untracked 
|  38|0x0000000084c00000, 0x0000000084d00000, 0x0000000084d00000|100%| O|  |TAMS 0x0000000084d00000| PB 0x0000000084d00000| Untracked 
|  39|0x0000000084d00000, 0x0000000084e00000, 0x0000000084e00000|100%| O|  |TAMS 0x0000000084e00000| PB 0x0000000084e00000| Untracked 
|  40|0x0000000084e00000, 0x0000000084f00000, 0x0000000084f00000|100%| O|  |TAMS 0x0000000084f00000| PB 0x0000000084f00000| Untracked 
|  41|0x0000000084f00000, 0x0000000085000000, 0x0000000085000000|100%| O|  |TAMS 0x0000000085000000| PB 0x0000000085000000| Untracked 
|  42|0x0000000085000000, 0x0000000085100000, 0x0000000085100000|100%| O|  |TAMS 0x0000000085100000| PB 0x0000000085100000| Untracked 
|  43|0x0000000085100000, 0x0000000085200000, 0x0000000085200000|100%| O|  |TAMS 0x0000000085200000| PB 0x0000000085200000| Untracked 
|  44|0x0000000085200000, 0x0000000085300000, 0x0000000085300000|100%| O|  |TAMS 0x0000000085300000| PB 0x0000000085300000| Untracked 
|  45|0x0000000085300000, 0x0000000085400000, 0x0000000085400000|100%| O|  |TAMS 0x0000000085400000| PB 0x0000000085400000| Untracked 
|  46|0x0000000085400000, 0x0000000085500000, 0x0000000085500000|100%| O|  |TAMS 0x0000000085500000| PB 0x0000000085500000| Untracked 
|  47|0x0000000085500000, 0x0000000085600000, 0x0000000085600000|100%| O|  |TAMS 0x0000000085600000| PB 0x0000000085600000| Untracked 
|  48|0x0000000085600000, 0x0000000085700000, 0x0000000085700000|100%| O|  |TAMS 0x0000000085700000| PB 0x0000000085700000| Untracked 
|  49|0x0000000085700000, 0x0000000085800000, 0x0000000085800000|100%| O|  |TAMS 0x0000000085800000| PB 0x0000000085800000| Untracked 
|  50|0x0000000085800000, 0x0000000085900000, 0x0000000085900000|100%| O|  |TAMS 0x0000000085900000| PB 0x0000000085900000| Untracked 
|  51|0x0000000085900000, 0x0000000085a00000, 0x0000000085a00000|100%| O|  |TAMS 0x0000000085a00000| PB 0x0000000085a00000| Untracked 
|  52|0x0000000085a00000, 0x0000000085b00000, 0x0000000085b00000|100%| O|  |TAMS 0x0000000085b00000| PB 0x0000000085b00000| Untracked 
|  53|0x0000000085b00000, 0x0000000085c00000, 0x0000000085c00000|100%| O|  |TAMS 0x0000000085c00000| PB 0x0000000085c00000| Untracked 
|  54|0x0000000085c00000, 0x0000000085d00000, 0x0000000085d00000|100%| O|  |TAMS 0x0000000085d00000| PB 0x0000000085d00000| Untracked 
|  55|0x0000000085d00000, 0x0000000085e00000, 0x0000000085e00000|100%| O|  |TAMS 0x0000000085e00000| PB 0x0000000085e00000| Untracked 
|  56|0x0000000085e00000, 0x0000000085e00000, 0x0000000085f00000|  0%| F|  |TAMS 0x0000000085e00000| PB 0x0000000085e00000| Untracked 
|  57|0x0000000085f00000, 0x0000000085f00000, 0x0000000086000000|  0%| F|  |TAMS 0x0000000085f00000| PB 0x0000000085f00000| Untracked 
|  58|0x0000000086000000, 0x0000000086100000, 0x0000000086100000|100%| O|  |TAMS 0x0000000086100000| PB 0x0000000086100000| Untracked 
|  59|0x0000000086100000, 0x0000000086200000, 0x0000000086200000|100%| O|  |TAMS 0x0000000086200000| PB 0x0000000086200000| Updating 
|  60|0x0000000086200000, 0x0000000086300000, 0x0000000086300000|100%| O|  |TAMS 0x0000000086300000| PB 0x0000000086300000| Updating 
|  61|0x0000000086300000, 0x0000000086400000, 0x0000000086400000|100%| O|  |TAMS 0x0000000086400000| PB 0x0000000086400000| Updating 
|  62|0x0000000086400000, 0x0000000086500000, 0x0000000086500000|100%| O|  |TAMS 0x0000000086500000| PB 0x0000000086500000| Untracked 
|  63|0x0000000086500000, 0x0000000086600000, 0x0000000086600000|100%| O|  |TAMS 0x0000000086600000| PB 0x0000000086600000| Untracked 
|  64|0x0000000086600000, 0x0000000086700000, 0x0000000086700000|100%| O|  |TAMS 0x0000000086700000| PB 0x0000000086700000| Updating 
|  65|0x0000000086700000, 0x0000000086800000, 0x0000000086800000|100%| O|  |TAMS 0x0000000086800000| PB 0x0000000086800000| Updating 
|  66|0x0000000086800000, 0x0000000086900000, 0x0000000086900000|100%| O|  |TAMS 0x0000000086900000| PB 0x0000000086900000| Updating 
|  67|0x0000000086900000, 0x0000000086a00000, 0x0000000086a00000|100%| O|  |TAMS 0x0000000086a00000| PB 0x0000000086a00000| Untracked 
|  68|0x0000000086a00000, 0x0000000086b00000, 0x0000000086b00000|100%| O|  |TAMS 0x0000000086b00000| PB 0x0000000086b00000| Updating 
|  69|0x0000000086b00000, 0x0000000086c00000, 0x0000000086c00000|100%| O|  |TAMS 0x0000000086c00000| PB 0x0000000086c00000| Updating 
|  70|0x0000000086c00000, 0x0000000086d00000, 0x0000000086d00000|100%| O|  |TAMS 0x0000000086c00000| PB 0x0000000086c00000| Untracked 
|  71|0x0000000086d00000, 0x0000000086e00000, 0x0000000086e00000|100%| O|  |TAMS 0x0000000086e00000| PB 0x0000000086e00000| Untracked 
|  72|0x0000000086e00000, 0x0000000086f00000, 0x0000000086f00000|100%| O|  |TAMS 0x0000000086f00000| PB 0x0000000086f00000| Untracked 
|  73|0x0000000086f00000, 0x0000000087000000, 0x0000000087000000|100%| O|  |TAMS 0x0000000087000000| PB 0x0000000087000000| Untracked 
|  74|0x0000000087000000, 0x0000000087100000, 0x0000000087100000|100%| O|  |TAMS 0x0000000087100000| PB 0x0000000087100000| Updating 
|  75|0x0000000087100000, 0x0000000087200000, 0x0000000087200000|100%| O|  |TAMS 0x0000000087200000| PB 0x0000000087200000| Updating 
|  76|0x0000000087200000, 0x0000000087300000, 0x0000000087300000|100%| O|  |TAMS 0x0000000087300000| PB 0x0000000087300000| Updating 
|  77|0x0000000087300000, 0x0000000087400000, 0x0000000087400000|100%| O|  |TAMS 0x0000000087400000| PB 0x0000000087400000| Updating 
|  78|0x0000000087400000, 0x0000000087500000, 0x0000000087500000|100%| O|  |TAMS 0x0000000087400000| PB 0x0000000087400000| Untracked 
|  79|0x0000000087500000, 0x0000000087600000, 0x0000000087600000|100%| O|  |TAMS 0x0000000087600000| PB 0x0000000087600000| Untracked 
|  80|0x0000000087600000, 0x0000000087700000, 0x0000000087700000|100%| O|  |TAMS 0x0000000087700000| PB 0x0000000087700000| Updating 
|  81|0x0000000087700000, 0x0000000087800000, 0x0000000087800000|100%| O|  |TAMS 0x0000000087800000| PB 0x0000000087800000| Updating 
|  82|0x0000000087800000, 0x0000000087900000, 0x0000000087900000|100%| O|  |TAMS 0x0000000087900000| PB 0x0000000087900000| Updating 
|  83|0x0000000087900000, 0x0000000087a00000, 0x0000000087a00000|100%| O|  |TAMS 0x0000000087a00000| PB 0x0000000087a00000| Updating 
|  84|0x0000000087a00000, 0x0000000087b00000, 0x0000000087b00000|100%| O|  |TAMS 0x0000000087b00000| PB 0x0000000087b00000| Updating 
|  85|0x0000000087b00000, 0x0000000087c00000, 0x0000000087c00000|100%| O|  |TAMS 0x0000000087c00000| PB 0x0000000087c00000| Untracked 
|  86|0x0000000087c00000, 0x0000000087d00000, 0x0000000087d00000|100%| O|  |TAMS 0x0000000087d00000| PB 0x0000000087d00000| Updating 
|  87|0x0000000087d00000, 0x0000000087e00000, 0x0000000087e00000|100%| O|  |TAMS 0x0000000087e00000| PB 0x0000000087e00000| Untracked 
|  88|0x0000000087e00000, 0x0000000087f00000, 0x0000000087f00000|100%| O|  |TAMS 0x0000000087f00000| PB 0x0000000087f00000| Untracked 
|  89|0x0000000087f00000, 0x0000000088000000, 0x0000000088000000|100%| O|  |TAMS 0x0000000088000000| PB 0x0000000088000000| Untracked 
|  90|0x0000000088000000, 0x0000000088100000, 0x0000000088100000|100%| O|  |TAMS 0x0000000088100000| PB 0x0000000088100000| Untracked 
|  91|0x0000000088100000, 0x0000000088200000, 0x0000000088200000|100%| O|  |TAMS 0x0000000088200000| PB 0x0000000088200000| Untracked 
|  92|0x0000000088200000, 0x0000000088300000, 0x0000000088300000|100%| O|  |TAMS 0x0000000088300000| PB 0x0000000088300000| Untracked 
|  93|0x0000000088300000, 0x0000000088400000, 0x0000000088400000|100%| O|  |TAMS 0x0000000088400000| PB 0x0000000088400000| Updating 
|  94|0x0000000088400000, 0x0000000088500000, 0x0000000088500000|100%| O|  |TAMS 0x0000000088500000| PB 0x0000000088500000| Untracked 
|  95|0x0000000088500000, 0x0000000088600000, 0x0000000088600000|100%| O|  |TAMS 0x0000000088600000| PB 0x0000000088600000| Untracked 
|  96|0x0000000088600000, 0x0000000088700000, 0x0000000088700000|100%| O|  |TAMS 0x0000000088700000| PB 0x0000000088700000| Untracked 
|  97|0x0000000088700000, 0x0000000088800000, 0x0000000088800000|100%| O|  |TAMS 0x0000000088800000| PB 0x0000000088800000| Updating 
|  98|0x0000000088800000, 0x0000000088900000, 0x0000000088900000|100%| O|  |TAMS 0x0000000088900000| PB 0x0000000088900000| Untracked 
|  99|0x0000000088900000, 0x0000000088a00000, 0x0000000088a00000|100%| O|  |TAMS 0x0000000088a00000| PB 0x0000000088a00000| Updating 
| 100|0x0000000088a00000, 0x0000000088b00000, 0x0000000088b00000|100%| O|  |TAMS 0x0000000088b00000| PB 0x0000000088b00000| Updating 
| 101|0x0000000088b00000, 0x0000000088c00000, 0x0000000088c00000|100%| O|  |TAMS 0x0000000088c00000| PB 0x0000000088c00000| Updating 
| 102|0x0000000088c00000, 0x0000000088d00000, 0x0000000088d00000|100%| O|  |TAMS 0x0000000088d00000| PB 0x0000000088d00000| Updating 
| 103|0x0000000088d00000, 0x0000000088e00000, 0x0000000088e00000|100%| O|  |TAMS 0x0000000088e00000| PB 0x0000000088e00000| Untracked 
| 104|0x0000000088e00000, 0x0000000088f00000, 0x0000000088f00000|100%| O|  |TAMS 0x0000000088f00000| PB 0x0000000088f00000| Untracked 
| 105|0x0000000088f00000, 0x0000000089000000, 0x0000000089000000|100%| O|  |TAMS 0x0000000089000000| PB 0x0000000089000000| Updating 
| 106|0x0000000089000000, 0x0000000089100000, 0x0000000089100000|100%| O|  |TAMS 0x0000000089100000| PB 0x0000000089100000| Untracked 
| 107|0x0000000089100000, 0x0000000089200000, 0x0000000089200000|100%| O|  |TAMS 0x0000000089200000| PB 0x0000000089200000| Updating 
| 108|0x0000000089200000, 0x0000000089300000, 0x0000000089300000|100%| O|  |TAMS 0x0000000089200000| PB 0x0000000089200000| Untracked 
| 109|0x0000000089300000, 0x0000000089400000, 0x0000000089400000|100%| O|  |TAMS 0x0000000089300000| PB 0x0000000089300000| Untracked 
| 110|0x0000000089400000, 0x0000000089500000, 0x0000000089500000|100%| O|  |TAMS 0x0000000089400000| PB 0x0000000089400000| Untracked 
| 111|0x0000000089500000, 0x0000000089600000, 0x0000000089600000|100%| O|  |TAMS 0x0000000089500000| PB 0x0000000089500000| Untracked 
| 112|0x0000000089600000, 0x0000000089600000, 0x0000000089700000|  0%| F|  |TAMS 0x0000000089600000| PB 0x0000000089600000| Untracked 
| 113|0x0000000089700000, 0x0000000089700000, 0x0000000089800000|  0%| F|  |TAMS 0x0000000089700000| PB 0x0000000089700000| Untracked 
| 114|0x0000000089800000, 0x0000000089800000, 0x0000000089900000|  0%| F|  |TAMS 0x0000000089800000| PB 0x0000000089800000| Untracked 
| 115|0x0000000089900000, 0x0000000089900000, 0x0000000089a00000|  0%| F|  |TAMS 0x0000000089900000| PB 0x0000000089900000| Untracked 
| 116|0x0000000089a00000, 0x0000000089a00000, 0x0000000089b00000|  0%| F|  |TAMS 0x0000000089a00000| PB 0x0000000089a00000| Untracked 
| 117|0x0000000089b00000, 0x0000000089c00000, 0x0000000089c00000|100%| O|  |TAMS 0x0000000089ba0010| PB 0x0000000089ba0010| Updating 
| 118|0x0000000089c00000, 0x0000000089c00000, 0x0000000089d00000|  0%| F|  |TAMS 0x0000000089c00000| PB 0x0000000089c00000| Untracked 
| 119|0x0000000089d00000, 0x0000000089d00000, 0x0000000089e00000|  0%| F|  |TAMS 0x0000000089d00000| PB 0x0000000089d00000| Untracked 
| 120|0x0000000089e00000, 0x0000000089e00000, 0x0000000089f00000|  0%| F|  |TAMS 0x0000000089e00000| PB 0x0000000089e00000| Untracked 
| 121|0x0000000089f00000, 0x0000000089f00000, 0x000000008a000000|  0%| F|  |TAMS 0x0000000089f00000| PB 0x0000000089f00000| Untracked 
| 122|0x000000008a000000, 0x000000008a000000, 0x000000008a100000|  0%| F|  |TAMS 0x000000008a000000| PB 0x000000008a000000| Untracked 
| 123|0x000000008a100000, 0x000000008a100000, 0x000000008a200000|  0%| F|  |TAMS 0x000000008a100000| PB 0x000000008a100000| Untracked 
| 124|0x000000008a200000, 0x000000008a200000, 0x000000008a300000|  0%| F|  |TAMS 0x000000008a200000| PB 0x000000008a200000| Untracked 
| 125|0x000000008a300000, 0x000000008a300000, 0x000000008a400000|  0%| F|  |TAMS 0x000000008a300000| PB 0x000000008a300000| Untracked 
| 126|0x000000008a400000, 0x000000008a400000, 0x000000008a500000|  0%| F|  |TAMS 0x000000008a400000| PB 0x000000008a400000| Untracked 
| 127|0x000000008a500000, 0x000000008a500000, 0x000000008a600000|  0%| F|  |TAMS 0x000000008a500000| PB 0x000000008a500000| Untracked 
| 128|0x000000008a600000, 0x000000008a600000, 0x000000008a700000|  0%| F|  |TAMS 0x000000008a600000| PB 0x000000008a600000| Untracked 
| 129|0x000000008a700000, 0x000000008a7a1f10, 0x000000008a800000| 63%| S|CS|TAMS 0x000000008a700000| PB 0x000000008a700000| Complete 
| 130|0x000000008a800000, 0x000000008a900000, 0x000000008a900000|100%| S|CS|TAMS 0x000000008a800000| PB 0x000000008a800000| Complete 
| 131|0x000000008a900000, 0x000000008a900000, 0x000000008aa00000|  0%| F|  |TAMS 0x000000008a900000| PB 0x000000008a900000| Untracked 
| 132|0x000000008aa00000, 0x000000008aa00000, 0x000000008ab00000|  0%| F|  |TAMS 0x000000008aa00000| PB 0x000000008aa00000| Untracked 
| 133|0x000000008ab00000, 0x000000008ab00000, 0x000000008ac00000|  0%| F|  |TAMS 0x000000008ab00000| PB 0x000000008ab00000| Untracked 
| 134|0x000000008ac00000, 0x000000008ac00000, 0x000000008ad00000|  0%| F|  |TAMS 0x000000008ac00000| PB 0x000000008ac00000| Untracked 
| 135|0x000000008ad00000, 0x000000008ad00000, 0x000000008ae00000|  0%| F|  |TAMS 0x000000008ad00000| PB 0x000000008ad00000| Untracked 
| 136|0x000000008ae00000, 0x000000008ae00000, 0x000000008af00000|  0%| F|  |TAMS 0x000000008ae00000| PB 0x000000008ae00000| Untracked 
| 137|0x000000008af00000, 0x000000008af00000, 0x000000008b000000|  0%| F|  |TAMS 0x000000008af00000| PB 0x000000008af00000| Untracked 
| 138|0x000000008b000000, 0x000000008b000000, 0x000000008b100000|  0%| F|  |TAMS 0x000000008b000000| PB 0x000000008b000000| Untracked 
| 139|0x000000008b100000, 0x000000008b100000, 0x000000008b200000|  0%| F|  |TAMS 0x000000008b100000| PB 0x000000008b100000| Untracked 
| 140|0x000000008b200000, 0x000000008b200000, 0x000000008b300000|  0%| F|  |TAMS 0x000000008b200000| PB 0x000000008b200000| Untracked 
| 141|0x000000008b300000, 0x000000008b300000, 0x000000008b400000|  0%| F|  |TAMS 0x000000008b300000| PB 0x000000008b300000| Untracked 
| 142|0x000000008b400000, 0x000000008b400000, 0x000000008b500000|  0%| F|  |TAMS 0x000000008b400000| PB 0x000000008b400000| Untracked 
| 143|0x000000008b500000, 0x000000008b500000, 0x000000008b600000|  0%| F|  |TAMS 0x000000008b500000| PB 0x000000008b500000| Untracked 
| 144|0x000000008b600000, 0x000000008b600000, 0x000000008b700000|  0%| F|  |TAMS 0x000000008b600000| PB 0x000000008b600000| Untracked 
| 145|0x000000008b700000, 0x000000008b700000, 0x000000008b800000|  0%| F|  |TAMS 0x000000008b700000| PB 0x000000008b700000| Untracked 
| 146|0x000000008b800000, 0x000000008b800000, 0x000000008b900000|  0%| F|  |TAMS 0x000000008b800000| PB 0x000000008b800000| Untracked 
| 147|0x000000008b900000, 0x000000008b900000, 0x000000008ba00000|  0%| F|  |TAMS 0x000000008b900000| PB 0x000000008b900000| Untracked 
| 148|0x000000008ba00000, 0x000000008ba00000, 0x000000008bb00000|  0%| F|  |TAMS 0x000000008ba00000| PB 0x000000008ba00000| Untracked 
| 149|0x000000008bb00000, 0x000000008bb00000, 0x000000008bc00000|  0%| F|  |TAMS 0x000000008bb00000| PB 0x000000008bb00000| Untracked 
| 150|0x000000008bc00000, 0x000000008bc00000, 0x000000008bd00000|  0%| F|  |TAMS 0x000000008bc00000| PB 0x000000008bc00000| Untracked 
| 151|0x000000008bd00000, 0x000000008bd00000, 0x000000008be00000|  0%| F|  |TAMS 0x000000008bd00000| PB 0x000000008bd00000| Untracked 
| 152|0x000000008be00000, 0x000000008be00000, 0x000000008bf00000|  0%| F|  |TAMS 0x000000008be00000| PB 0x000000008be00000| Untracked 
| 153|0x000000008bf00000, 0x000000008bf00000, 0x000000008c000000|  0%| F|  |TAMS 0x000000008bf00000| PB 0x000000008bf00000| Untracked 
| 154|0x000000008c000000, 0x000000008c000000, 0x000000008c100000|  0%| F|  |TAMS 0x000000008c000000| PB 0x000000008c000000| Untracked 
| 155|0x000000008c100000, 0x000000008c100000, 0x000000008c200000|  0%| F|  |TAMS 0x000000008c100000| PB 0x000000008c100000| Untracked 
| 156|0x000000008c200000, 0x000000008c200000, 0x000000008c300000|  0%| F|  |TAMS 0x000000008c200000| PB 0x000000008c200000| Untracked 
| 157|0x000000008c300000, 0x000000008c300000, 0x000000008c400000|  0%| F|  |TAMS 0x000000008c300000| PB 0x000000008c300000| Untracked 
| 158|0x000000008c400000, 0x000000008c400000, 0x000000008c500000|  0%| F|  |TAMS 0x000000008c400000| PB 0x000000008c400000| Untracked 
| 159|0x000000008c500000, 0x000000008c500000, 0x000000008c600000|  0%| F|  |TAMS 0x000000008c500000| PB 0x000000008c500000| Untracked 
| 160|0x000000008c600000, 0x000000008c600000, 0x000000008c700000|  0%| F|  |TAMS 0x000000008c600000| PB 0x000000008c600000| Untracked 
| 161|0x000000008c700000, 0x000000008c700000, 0x000000008c800000|  0%| F|  |TAMS 0x000000008c700000| PB 0x000000008c700000| Untracked 
| 162|0x000000008c800000, 0x000000008c800000, 0x000000008c900000|  0%| F|  |TAMS 0x000000008c800000| PB 0x000000008c800000| Untracked 
| 163|0x000000008c900000, 0x000000008c900000, 0x000000008ca00000|  0%| F|  |TAMS 0x000000008c900000| PB 0x000000008c900000| Untracked 
| 164|0x000000008ca00000, 0x000000008ca00000, 0x000000008cb00000|  0%| F|  |TAMS 0x000000008ca00000| PB 0x000000008ca00000| Untracked 
| 165|0x000000008cb00000, 0x000000008cb00000, 0x000000008cc00000|  0%| F|  |TAMS 0x000000008cb00000| PB 0x000000008cb00000| Untracked 
| 166|0x000000008cc00000, 0x000000008cc00000, 0x000000008cd00000|  0%| F|  |TAMS 0x000000008cc00000| PB 0x000000008cc00000| Untracked 
| 167|0x000000008cd00000, 0x000000008cd00000, 0x000000008ce00000|  0%| F|  |TAMS 0x000000008cd00000| PB 0x000000008cd00000| Untracked 
| 168|0x000000008ce00000, 0x000000008ce00000, 0x000000008cf00000|  0%| F|  |TAMS 0x000000008ce00000| PB 0x000000008ce00000| Untracked 
| 169|0x000000008cf00000, 0x000000008cf00000, 0x000000008d000000|  0%| F|  |TAMS 0x000000008cf00000| PB 0x000000008cf00000| Untracked 
| 170|0x000000008d000000, 0x000000008d000000, 0x000000008d100000|  0%| F|  |TAMS 0x000000008d000000| PB 0x000000008d000000| Untracked 
| 171|0x000000008d100000, 0x000000008d100000, 0x000000008d200000|  0%| F|  |TAMS 0x000000008d100000| PB 0x000000008d100000| Untracked 
| 172|0x000000008d200000, 0x000000008d200000, 0x000000008d300000|  0%| F|  |TAMS 0x000000008d200000| PB 0x000000008d200000| Untracked 
| 173|0x000000008d300000, 0x000000008d300000, 0x000000008d400000|  0%| F|  |TAMS 0x000000008d300000| PB 0x000000008d300000| Untracked 
| 174|0x000000008d400000, 0x000000008d400000, 0x000000008d500000|  0%| F|  |TAMS 0x000000008d400000| PB 0x000000008d400000| Untracked 
| 175|0x000000008d500000, 0x000000008d500000, 0x000000008d600000|  0%| F|  |TAMS 0x000000008d500000| PB 0x000000008d500000| Untracked 
| 176|0x000000008d600000, 0x000000008d680000, 0x000000008d700000| 50%| E|  |TAMS 0x000000008d600000| PB 0x000000008d600000| Complete 
| 177|0x000000008d700000, 0x000000008d800000, 0x000000008d800000|100%| E|CS|TAMS 0x000000008d700000| PB 0x000000008d700000| Complete 
| 178|0x000000008d800000, 0x000000008d900000, 0x000000008d900000|100%| E|CS|TAMS 0x000000008d800000| PB 0x000000008d800000| Complete 
|2007|0x00000000ffd00000, 0x00000000ffe00000, 0x00000000ffe00000|100%| O|  |TAMS 0x00000000ffe00000| PB 0x00000000ffe00000| Updating 
|2008|0x00000000ffe00000, 0x00000000fff00000, 0x00000000fff00000|100%| O|  |TAMS 0x00000000fff00000| PB 0x00000000fff00000| Updating 
|2009|0x00000000fff00000, 0x0000000100000000, 0x0000000100000000|100%| E|CS|TAMS 0x00000000fff00000| PB 0x00000000fff00000| Complete 

Card table byte_map: [0x000001c7f9e80000,0x000001c7fa270000] _byte_map_base: 0x000001c7f9a6d000

Marking Bits: (CMBitMap*) 0x000001c7e766cbc0
 Bits: [0x000001c7fa270000, 0x000001c7fc1d8000)

Polling page: 0x000001c7e5350000

Metaspace:

Usage:
  Non-class:     69.52 MB used.
      Class:      8.01 MB used.
       Both:     77.53 MB used.

Virtual space:
  Non-class space:      128.00 MB reserved,      69.88 MB ( 55%) committed,  2 nodes.
      Class space:        1.00 GB reserved,       8.38 MB ( <1%) committed,  1 nodes.
             Both:        1.12 GB reserved,      78.25 MB (  7%) committed. 

Chunk freelists:
   Non-Class:  10.16 MB
       Class:  7.50 MB
        Both:  17.66 MB

MaxMetaspaceSize: unlimited
CompressedClassSpaceSize: 1.00 GB
Initial GC threshold: 21.00 MB
Current GC threshold: 112.62 MB
CDS: off
 - commit_granule_bytes: 65536.
 - commit_granule_words: 8192.
 - virtual_space_node_default_size: 8388608.
 - enlarge_chunks_in_place: 1.
 - use_allocation_guard: 0.


Internal statistics:

num_allocs_failed_limit: 3.
num_arena_births: 1304.
num_arena_deaths: 0.
num_vsnodes_births: 3.
num_vsnodes_deaths: 0.
num_space_committed: 1250.
num_space_uncommitted: 0.
num_chunks_returned_to_freelist: 3.
num_chunks_taken_from_freelist: 4014.
num_chunk_merges: 3.
num_chunk_splits: 3095.
num_chunks_enlarged: 2477.
num_inconsistent_stats: 0.

CodeHeap 'non-profiled nmethods': size=120000Kb used=10826Kb max_used=12158Kb free=109173Kb
 bounds [0x000001c7f2220000, 0x000001c7f2e00000, 0x000001c7f9750000]
CodeHeap 'profiled nmethods': size=120000Kb used=40535Kb max_used=47032Kb free=79464Kb
 bounds [0x000001c7ea750000, 0x000001c7ed550000, 0x000001c7f1c80000]
CodeHeap 'non-nmethods': size=5760Kb used=1740Kb max_used=1794Kb free=4019Kb
 bounds [0x000001c7f1c80000, 0x000001c7f1ef0000, 0x000001c7f2220000]
 total_blobs=14582 nmethods=13827 adapters=655
 compilation: enabled
              stopped_count=0, restarted_count=0
 full_count=0

Compilation events (20 events):
Event: 21.552 Thread 0x000001c7fee39810 17578       1       org.jetbrains.kotlin.ir.expressions.impl.IrFunctionReferenceImpl::getTypeArguments (5 bytes)
Event: 21.552 Thread 0x000001c7fee39810 nmethod 17578 0x000001c7f2dfec90 code [0x000001c7f2dfee20, 0x000001c7f2dfeee8]
Event: 21.552 Thread 0x000001c7fee39810 17543       1       org.jetbrains.kotlin.backend.jvm.JvmBackendContext::getMultiFieldValueClassReplacements (5 bytes)
Event: 21.552 Thread 0x000001c7fee39810 nmethod 17543 0x000001c7f2dfef90 code [0x000001c7f2dff120, 0x000001c7f2dff1f0]
Event: 21.552 Thread 0x000001c7fee39810 17530       1       org.jetbrains.kotlin.ir.declarations.lazy.IrLazyTypeParameter::getDescriptor (5 bytes)
Event: 21.552 Thread 0x000001c7fee39810 nmethod 17530 0x000001c7f2dff290 code [0x000001c7f2dff420, 0x000001c7f2dff4e8]
Event: 21.552 Thread 0x000001c7fee39810 17579       1       org.jetbrains.kotlin.ir.declarations.lazy.IrLazyProperty::getModality (5 bytes)
Event: 21.552 Thread 0x000001c7fee39810 nmethod 17579 0x000001c7f2dff590 code [0x000001c7f2dff720, 0x000001c7f2dff7e8]
Event: 21.552 Thread 0x000001c7fee39810 17575       1       org.jetbrains.kotlin.ir.declarations.impl.IrTypeParameterImpl::getOrigin (5 bytes)
Event: 21.552 Thread 0x000001c7fee39810 nmethod 17575 0x000001c7f2dff890 code [0x000001c7f2dffa20, 0x000001c7f2dffae8]
Event: 21.553 Thread 0x000001c7fee39810 17601       3       org.jetbrains.kotlin.backend.jvm.lower.ReplaceDefaultImplsOverriddenSymbols::visitBlockBody (13 bytes)
Event: 21.554 Thread 0x000001c7fee39810 nmethod 17601 0x000001c7ed539c10 code [0x000001c7ed539f20, 0x000001c7ed53ad68]
Event: 21.554 Thread 0x000001c7fee39810 17603       3       org.jetbrains.kotlin.backend.jvm.lower.ReplaceDefaultImplsOverriddenSymbols::visitConst (13 bytes)
Event: 21.555 Thread 0x000001c7fee39810 nmethod 17603 0x000001c7ed53b310 code [0x000001c7ed53b620, 0x000001c7ed53c468]
Event: 21.555 Thread 0x000001c7fee39810 17604       3       org.jetbrains.kotlin.backend.jvm.lower.ReplaceDefaultImplsOverriddenSymbols::visitConst (7 bytes)
Event: 21.556 Thread 0x000001c7fee39810 nmethod 17604 0x000001c7ed53ca10 code [0x000001c7ed53cd00, 0x000001c7ed53d9f8]
Event: 21.556 Thread 0x000001c7fee39810 17607       3       org.jetbrains.kotlin.backend.jvm.lower.InterfaceObjectCallsLowering::visitConst (13 bytes)
Event: 21.557 Thread 0x000001c7fee39810 nmethod 17607 0x000001c7ed53df10 code [0x000001c7ed53e200, 0x000001c7ed53ef28]
Event: 21.557 Thread 0x000001c7fee39810 17611       3       org.jetbrains.kotlin.backend.jvm.lower.TailCallOptimizationLowering$lower$1::visitConst (10 bytes)
Event: 21.706 Thread 0x000001c7fee39810 nmethod 17611 0x000001c7ed53f410 code [0x000001c7ed53f6a0, 0x000001c7ed540288]

GC Heap History (20 events):
Event: 8.964 GC heap before
{Heap before GC invocations=27 (full 0):
 garbage-first heap   total 131072K, used 120818K [0x0000000082600000, 0x0000000100000000)
  region size 1024K, 66 young (67584K), 2 survivors (2048K)
 Metaspace       used 56735K, committed 57472K, reserved 1114112K
  class space    used 6300K, committed 6656K, reserved 1048576K
}
Event: 8.974 GC heap after
{Heap after GC invocations=28 (full 0):
 garbage-first heap   total 131072K, used 61136K [0x0000000082600000, 0x0000000100000000)
  region size 1024K, 7 young (7168K), 7 survivors (7168K)
 Metaspace       used 56735K, committed 57472K, reserved 1114112K
  class space    used 6300K, committed 6656K, reserved 1048576K
}
Event: 10.576 GC heap before
{Heap before GC invocations=29 (full 0):
 garbage-first heap   total 131072K, used 117456K [0x0000000082600000, 0x0000000100000000)
  region size 1024K, 61 young (62464K), 7 survivors (7168K)
 Metaspace       used 59062K, committed 59776K, reserved 1114112K
  class space    used 6491K, committed 6848K, reserved 1048576K
}
Event: 10.600 GC heap after
{Heap after GC invocations=30 (full 0):
 garbage-first heap   total 133120K, used 68708K [0x0000000082600000, 0x0000000100000000)
  region size 1024K, 8 young (8192K), 8 survivors (8192K)
 Metaspace       used 59062K, committed 59776K, reserved 1114112K
  class space    used 6491K, committed 6848K, reserved 1048576K
}
Event: 12.094 GC heap before
{Heap before GC invocations=30 (full 0):
 garbage-first heap   total 133120K, used 118884K [0x0000000082600000, 0x0000000100000000)
  region size 1024K, 55 young (56320K), 8 survivors (8192K)
 Metaspace       used 59788K, committed 60544K, reserved 1114112K
  class space    used 6524K, committed 6912K, reserved 1048576K
}
Event: 12.115 GC heap after
{Heap after GC invocations=31 (full 0):
 garbage-first heap   total 134144K, used 75623K [0x0000000082600000, 0x0000000100000000)
  region size 1024K, 6 young (6144K), 6 survivors (6144K)
 Metaspace       used 59788K, committed 60544K, reserved 1114112K
  class space    used 6524K, committed 6912K, reserved 1048576K
}
Event: 13.360 GC heap before
{Heap before GC invocations=31 (full 0):
 garbage-first heap   total 134144K, used 119655K [0x0000000082600000, 0x0000000100000000)
  region size 1024K, 49 young (50176K), 6 survivors (6144K)
 Metaspace       used 60256K, committed 61056K, reserved 1114112K
  class space    used 6545K, committed 6912K, reserved 1048576K
}
Event: 13.375 GC heap after
{Heap after GC invocations=32 (full 0):
 garbage-first heap   total 183296K, used 80730K [0x0000000082600000, 0x0000000100000000)
  region size 1024K, 6 young (6144K), 6 survivors (6144K)
 Metaspace       used 60256K, committed 61056K, reserved 1114112K
  class space    used 6545K, committed 6912K, reserved 1048576K
}
Event: 15.669 GC heap before
{Heap before GC invocations=33 (full 0):
 garbage-first heap   total 183296K, used 163674K [0x0000000082600000, 0x0000000100000000)
  region size 1024K, 87 young (89088K), 6 survivors (6144K)
 Metaspace       used 60946K, committed 61696K, reserved 1114112K
  class space    used 6579K, committed 6976K, reserved 1048576K
}
Event: 15.682 GC heap after
{Heap after GC invocations=34 (full 0):
 garbage-first heap   total 183296K, used 85993K [0x0000000082600000, 0x0000000100000000)
  region size 1024K, 11 young (11264K), 11 survivors (11264K)
 Metaspace       used 60946K, committed 61696K, reserved 1114112K
  class space    used 6579K, committed 6976K, reserved 1048576K
}
Event: 17.216 GC heap before
{Heap before GC invocations=34 (full 0):
 garbage-first heap   total 183296K, used 160745K [0x0000000082600000, 0x0000000100000000)
  region size 1024K, 84 young (86016K), 11 survivors (11264K)
 Metaspace       used 61876K, committed 62656K, reserved 1114112K
  class space    used 6621K, committed 7040K, reserved 1048576K
}
Event: 17.238 GC heap after
{Heap after GC invocations=35 (full 0):
 garbage-first heap   total 183296K, used 89088K [0x0000000082600000, 0x0000000100000000)
  region size 1024K, 9 young (9216K), 9 survivors (9216K)
 Metaspace       used 61876K, committed 62656K, reserved 1114112K
  class space    used 6621K, committed 7040K, reserved 1048576K
}
Event: 18.633 GC heap before
{Heap before GC invocations=35 (full 0):
 garbage-first heap   total 183296K, used 163840K [0x0000000082600000, 0x0000000100000000)
  region size 1024K, 82 young (83968K), 9 survivors (9216K)
 Metaspace       used 68380K, committed 69120K, reserved 1114112K
  class space    used 7225K, committed 7616K, reserved 1048576K
}
Event: 18.661 GC heap after
{Heap after GC invocations=36 (full 0):
 garbage-first heap   total 184320K, used 99573K [0x0000000082600000, 0x0000000100000000)
  region size 1024K, 11 young (11264K), 11 survivors (11264K)
 Metaspace       used 68380K, committed 69120K, reserved 1114112K
  class space    used 7225K, committed 7616K, reserved 1048576K
}
Event: 19.709 GC heap before
{Heap before GC invocations=37 (full 0):
 garbage-first heap   total 184320K, used 163061K [0x0000000082600000, 0x0000000100000000)
  region size 1024K, 73 young (74752K), 11 survivors (11264K)
 Metaspace       used 70824K, committed 71552K, reserved 1114112K
  class space    used 7497K, committed 7872K, reserved 1048576K
}
Event: 19.737 GC heap after
{Heap after GC invocations=38 (full 0):
 garbage-first heap   total 186368K, used 111616K [0x0000000082600000, 0x0000000100000000)
  region size 1024K, 10 young (10240K), 10 survivors (10240K)
 Metaspace       used 70824K, committed 71552K, reserved 1114112K
  class space    used 7497K, committed 7872K, reserved 1048576K
}
Event: 20.909 GC heap before
{Heap before GC invocations=38 (full 0):
 garbage-first heap   total 186368K, used 165888K [0x0000000082600000, 0x0000000100000000)
  region size 1024K, 63 young (64512K), 10 survivors (10240K)
 Metaspace       used 77965K, committed 78720K, reserved 1179648K
  class space    used 8105K, committed 8512K, reserved 1048576K
}
Event: 20.929 GC heap after
{Heap after GC invocations=39 (full 0):
 garbage-first heap   total 186368K, used 117363K [0x0000000082600000, 0x0000000100000000)
  region size 1024K, 6 young (6144K), 6 survivors (6144K)
 Metaspace       used 77965K, committed 78720K, reserved 1179648K
  class space    used 8105K, committed 8512K, reserved 1048576K
}
Event: 21.501 GC heap before
{Heap before GC invocations=39 (full 0):
 garbage-first heap   total 186368K, used 167539K [0x0000000082600000, 0x0000000100000000)
  region size 1024K, 55 young (56320K), 6 survivors (6144K)
 Metaspace       used 79369K, committed 80128K, reserved 1179648K
  class space    used 8201K, committed 8576K, reserved 1048576K
}
Event: 21.510 GC heap after
{Heap after GC invocations=40 (full 0):
 garbage-first heap   total 186368K, used 119431K [0x0000000082600000, 0x0000000100000000)
  region size 1024K, 2 young (2048K), 2 survivors (2048K)
 Metaspace       used 79369K, committed 80128K, reserved 1179648K
  class space    used 8201K, committed 8576K, reserved 1048576K
}

Dll operation events (3 events):
Event: 0.014 Loaded shared library C:\Program Files\Android\Android Studio\jbr\bin\java.dll
Event: 0.021 Loaded shared library C:\Program Files\Android\Android Studio\jbr\bin\zip.dll
Event: 1.038 Loaded shared library C:\Program Files\Android\Android Studio\jbr\bin\verify.dll

Deoptimization events (20 events):
Event: 21.307 Thread 0x000001c7e761d850 Uncommon trap: trap_request=0xffffff45 fr.pc=0x000001c7f2db5c7c relative=0x000000000000013c
Event: 21.307 Thread 0x000001c7e761d850 Uncommon trap: reason=unstable_if action=reinterpret pc=0x000001c7f2db5c7c method=org.jetbrains.kotlin.ir.util.IrFakeOverrideUtilsKt$resolveFakeOverrideOrNull$2.invoke(Lorg/jetbrains/kotlin/ir/declarations/IrOverridableDeclaration;)Ljava/lang/Boolean; @ 1
Event: 21.307 Thread 0x000001c7e761d850 DEOPT PACKING pc=0x000001c7f2db5c7c sp=0x000000c72c7f99b0
Event: 21.307 Thread 0x000001c7e761d850 DEOPT UNPACKING pc=0x000001c7f1cd46a2 sp=0x000000c72c7f98f0 mode 2
Event: 21.309 Thread 0x000001c7e761d850 Uncommon trap: trap_request=0xffffff66 fr.pc=0x000001c7f2de4d04 relative=0x00000000000005a4
Event: 21.309 Thread 0x000001c7e761d850 Uncommon trap: reason=speculate_class_check action=maybe_recompile pc=0x000001c7f2de4d04 method=org.jetbrains.kotlin.backend.common.DeclarationTransformer$Visitor.visitFunction(Lorg/jetbrains/kotlin/ir/declarations/IrFunction;)V @ 18 c2
Event: 21.309 Thread 0x000001c7e761d850 DEOPT PACKING pc=0x000001c7f2de4d04 sp=0x000000c72c7fdcb0
Event: 21.309 Thread 0x000001c7e761d850 DEOPT UNPACKING pc=0x000001c7f1cd46a2 sp=0x000000c72c7fdc38 mode 2
Event: 21.309 Thread 0x000001c7e761d850 Uncommon trap: trap_request=0xffffff66 fr.pc=0x000001c7f2de4d04 relative=0x00000000000005a4
Event: 21.309 Thread 0x000001c7e761d850 Uncommon trap: reason=speculate_class_check action=maybe_recompile pc=0x000001c7f2de4d04 method=org.jetbrains.kotlin.backend.common.DeclarationTransformer$Visitor.visitFunction(Lorg/jetbrains/kotlin/ir/declarations/IrFunction;)V @ 18 c2
Event: 21.309 Thread 0x000001c7e761d850 DEOPT PACKING pc=0x000001c7f2de4d04 sp=0x000000c72c7fc370
Event: 21.309 Thread 0x000001c7e761d850 DEOPT UNPACKING pc=0x000001c7f1cd46a2 sp=0x000000c72c7fc2f8 mode 2
Event: 21.309 Thread 0x000001c7e761d850 Uncommon trap: trap_request=0xffffff66 fr.pc=0x000001c7f2de4d04 relative=0x00000000000005a4
Event: 21.309 Thread 0x000001c7e761d850 Uncommon trap: reason=speculate_class_check action=maybe_recompile pc=0x000001c7f2de4d04 method=org.jetbrains.kotlin.backend.common.DeclarationTransformer$Visitor.visitFunction(Lorg/jetbrains/kotlin/ir/declarations/IrFunction;)V @ 18 c2
Event: 21.309 Thread 0x000001c7e761d850 DEOPT PACKING pc=0x000001c7f2de4d04 sp=0x000000c72c7fbef0
Event: 21.309 Thread 0x000001c7e761d850 DEOPT UNPACKING pc=0x000001c7f1cd46a2 sp=0x000000c72c7fbe78 mode 2
Event: 21.309 Thread 0x000001c7e761d850 Uncommon trap: trap_request=0xffffff66 fr.pc=0x000001c7f2de4d04 relative=0x00000000000005a4
Event: 21.309 Thread 0x000001c7e761d850 Uncommon trap: reason=speculate_class_check action=maybe_recompile pc=0x000001c7f2de4d04 method=org.jetbrains.kotlin.backend.common.DeclarationTransformer$Visitor.visitFunction(Lorg/jetbrains/kotlin/ir/declarations/IrFunction;)V @ 18 c2
Event: 21.309 Thread 0x000001c7e761d850 DEOPT PACKING pc=0x000001c7f2de4d04 sp=0x000000c72c7fa5b0
Event: 21.309 Thread 0x000001c7e761d850 DEOPT UNPACKING pc=0x000001c7f1cd46a2 sp=0x000000c72c7fa538 mode 2

Classes loaded (20 events):
Event: 17.350 Loading class java/text/Format done
Event: 17.350 Loading class java/text/MessageFormat done
Event: 17.358 Loading class jdk/internal/reflect/MethodHandleBooleanFieldAccessorImpl
Event: 17.358 Loading class jdk/internal/reflect/MethodHandleBooleanFieldAccessorImpl done
Event: 17.403 Loading class java/text/ChoiceFormat
Event: 17.404 Loading class java/text/NumberFormat
Event: 17.404 Loading class java/text/NumberFormat done
Event: 17.404 Loading class java/text/ChoiceFormat done
Event: 17.419 Loading class java/lang/invoke/DirectMethodHandle$1
Event: 17.419 Loading class java/lang/invoke/DirectMethodHandle$1 done
Event: 17.425 Loading class java/text/FieldPosition
Event: 17.425 Loading class java/text/FieldPosition done
Event: 17.425 Loading class java/util/Date
Event: 17.426 Loading class java/util/Date done
Event: 17.426 Loading class java/text/MessageFormat$Field
Event: 17.426 Loading class java/text/Format$Field
Event: 17.426 Loading class java/text/AttributedCharacterIterator$Attribute
Event: 17.427 Loading class java/text/AttributedCharacterIterator$Attribute done
Event: 17.427 Loading class java/text/Format$Field done
Event: 17.427 Loading class java/text/MessageFormat$Field done

Classes unloaded (0 events):
No events

Classes redefined (0 events):
No events

Internal exceptions (20 events):
Event: 9.312 Thread 0x000001c7e761d850 Implicit null exception at 0x000001c7f249d12c to 0x000001c7f24a2578
Event: 9.312 Thread 0x000001c7e761d850 Implicit null exception at 0x000001c7f249d12c to 0x000001c7f24a2578
Event: 9.312 Thread 0x000001c7e761d850 Implicit null exception at 0x000001c7f249d12c to 0x000001c7f24a2578
Event: 9.312 Thread 0x000001c7e761d850 Implicit null exception at 0x000001c7f249d12c to 0x000001c7f24a2578
Event: 9.312 Thread 0x000001c7e761d850 Implicit null exception at 0x000001c7f24893c4 to 0x000001c7f248ad20
Event: 9.312 Thread 0x000001c7e761d850 Implicit null exception at 0x000001c7f24632c5 to 0x000001c7f2463988
Event: 9.324 Thread 0x000001c7e761d850 Implicit null exception at 0x000001c7f2483f44 to 0x000001c7f2484104
Event: 9.324 Thread 0x000001c7e761d850 Implicit null exception at 0x000001c7f2464696 to 0x000001c7f24649bb
Event: 10.276 Thread 0x000001c7e761d850 Implicit null exception at 0x000001c7f2691ae0 to 0x000001c7f2692400
Event: 10.468 Thread 0x000001c7e761d850 Exception <a 'java/lang/NoSuchMethodError'{0x0000000087255508}: 'java.lang.Object java.lang.invoke.DirectMethodHandle$Holder.newInvokeSpecial(java.lang.Object, int, java.lang.Object, java.lang.Object)'> (0x0000000087255508) 
thrown [s\src\hotspot\share\interpreter\linkResolver.cpp, line 784]
Event: 16.144 Thread 0x000001c7e761d850 Implicit null exception at 0x000001c7f29658e0 to 0x000001c7f2965a78
Event: 17.359 Thread 0x000001c7e761d850 Exception <a 'java/lang/NoSuchMethodError'{0x000000008d420878}: 'int java.lang.invoke.Invokers$Holder.invokeExact_MT(java.lang.Object, java.lang.Object, java.lang.Object)'> (0x000000008d420878) 
thrown [s\src\hotspot\share\interpreter\linkResolver.cpp, line 784]
Event: 17.360 Thread 0x000001c7e761d850 Exception <a 'java/lang/NoSuchMethodError'{0x000000008d42ad40}: 'void java.lang.invoke.Invokers$Holder.invokeExact_MT(java.lang.Object, java.lang.Object, java.lang.Object, java.lang.Object)'> (0x000000008d42ad40) 
thrown [s\src\hotspot\share\interpreter\linkResolver.cpp, line 784]
Event: 17.373 Thread 0x000001c7e761d850 Implicit null exception at 0x000001c7f2652177 to 0x000001c7f265271c
Event: 17.392 Thread 0x000001c7e761d850 Exception <a 'java/lang/NoSuchMethodError'{0x000000008d35b770}: 'java.lang.Object java.lang.invoke.DirectMethodHandle$Holder.invokeStaticInit(java.lang.Object, java.lang.Object, java.lang.Object, java.lang.Object)'> (0x000000008d35b770) 
thrown [s\src\hotspot\share\interpreter\linkResolver.cpp, line 784]
Event: 17.669 Thread 0x000001c7e761d850 Exception <a 'java/lang/NoSuchMethodError'{0x000000008c582e60}: 'java.lang.Object java.lang.invoke.DirectMethodHandle$Holder.newInvokeSpecial(java.lang.Object, java.lang.Object, java.lang.Object, int, int)'> (0x000000008c582e60) 
thrown [s\src\hotspot\share\interpreter\linkResolver.cpp, line 784]
Event: 17.670 Thread 0x000001c7e761d850 Exception <a 'java/lang/NoSuchMethodError'{0x000000008c586a40}: 'java.lang.Object java.lang.invoke.DirectMethodHandle$Holder.invokeSpecial(java.lang.Object, java.lang.Object, java.lang.Object, java.lang.Object, int, int)'> (0x000000008c586a40) 
thrown [s\src\hotspot\share\interpreter\linkResolver.cpp, line 784]
Event: 17.686 Thread 0x000001c7e761d850 Exception <a 'java/lang/NoSuchMethodError'{0x000000008c448e18}: 'java.lang.Object java.lang.invoke.Invokers$Holder.linkToTargetMethod(java.lang.Object, java.lang.Object, int, int, java.lang.Object, java.lang.Object, java.lang.Object, java.lang.Object, java.lang.Object)'> (0x000000008c448e18) 
thrown [s\src\hotspot\share\interpreter\linkResolver.cpp, line 784]
Event: 17.918 Thread 0x000001c7e761d850 Implicit null exception at 0x000001c7f22ffba5 to 0x000001c7f22ffe24
Event: 20.885 Thread 0x000001c7e761d850 Implicit null exception at 0x000001c7f2d68260 to 0x000001c7f2d684da

ZGC Phase Switch (0 events):
No events

VM Operations (20 events):
Event: 20.881 Executing VM operation: HandshakeAllThreads (Deoptimize) done
Event: 20.909 Executing VM operation: G1CollectForAllocation (G1 Evacuation Pause)
Event: 20.929 Executing VM operation: G1CollectForAllocation (G1 Evacuation Pause) done
Event: 20.938 Executing VM operation: HandshakeAllThreads (Deoptimize)
Event: 20.938 Executing VM operation: HandshakeAllThreads (Deoptimize) done
Event: 20.942 Executing VM operation: HandshakeAllThreads (Deoptimize)
Event: 20.942 Executing VM operation: HandshakeAllThreads (Deoptimize) done
Event: 21.016 Executing VM operation: ICBufferFull
Event: 21.017 Executing VM operation: ICBufferFull done
Event: 21.135 Executing VM operation: ICBufferFull
Event: 21.136 Executing VM operation: ICBufferFull done
Event: 21.241 Executing VM operation: ICBufferFull
Event: 21.241 Executing VM operation: ICBufferFull done
Event: 21.330 Executing VM operation: ICBufferFull
Event: 21.330 Executing VM operation: ICBufferFull done
Event: 21.496 Executing VM operation: ICBufferFull
Event: 21.496 Executing VM operation: ICBufferFull done
Event: 21.501 Executing VM operation: G1CollectForAllocation (G1 Evacuation Pause)
Event: 21.510 Executing VM operation: G1CollectForAllocation (G1 Evacuation Pause) done
Event: 21.661 Executing VM operation: G1PauseRemark

Memory protections (0 events):
No events

Nmethod flushes (20 events):
Event: 18.849 Thread 0x000001c7fedbc3d0 flushing  nmethod 0x000001c7ebea4b90
Event: 18.849 Thread 0x000001c7fedbc3d0 flushing  nmethod 0x000001c7ebeab210
Event: 18.850 Thread 0x000001c7fedbc3d0 flushing  nmethod 0x000001c7ebebbd10
Event: 18.850 Thread 0x000001c7fedbc3d0 flushing  nmethod 0x000001c7ebec3b90
Event: 18.850 Thread 0x000001c7fedbc3d0 flushing  nmethod 0x000001c7ebec8790
Event: 18.850 Thread 0x000001c7fedbc3d0 flushing  nmethod 0x000001c7ebfafa10
Event: 18.850 Thread 0x000001c7fedbc3d0 flushing  nmethod 0x000001c7ec089e90
Event: 18.850 Thread 0x000001c7fedbc3d0 flushing  nmethod 0x000001c7ec0c3190
Event: 18.850 Thread 0x000001c7fedbc3d0 flushing  nmethod 0x000001c7ec0c4790
Event: 18.850 Thread 0x000001c7fedbc3d0 flushing  nmethod 0x000001c7ec0c8110
Event: 18.850 Thread 0x000001c7fedbc3d0 flushing  nmethod 0x000001c7ec0c9090
Event: 18.850 Thread 0x000001c7fedbc3d0 flushing  nmethod 0x000001c7ec0ca710
Event: 18.850 Thread 0x000001c7fedbc3d0 flushing  nmethod 0x000001c7ec0cb690
Event: 18.850 Thread 0x000001c7fedbc3d0 flushing  nmethod 0x000001c7ec168a10
Event: 18.850 Thread 0x000001c7fedbc3d0 flushing  nmethod 0x000001c7ec181090
Event: 18.850 Thread 0x000001c7fedbc3d0 flushing  nmethod 0x000001c7ec257b90
Event: 18.850 Thread 0x000001c7fedbc3d0 flushing  nmethod 0x000001c7ec334090
Event: 18.850 Thread 0x000001c7fedbc3d0 flushing  nmethod 0x000001c7ec347c90
Event: 18.850 Thread 0x000001c7fedbc3d0 flushing  nmethod 0x000001c7ec3a5510
Event: 18.850 Thread 0x000001c7fedbc3d0 flushing  nmethod 0x000001c7ec5c6410

Events (20 events):
Event: 0.072 Thread 0x000001c7e761d850 Thread added: 0x000001c7fee26f60
Event: 0.072 Thread 0x000001c7e761d850 Thread added: 0x000001c7fee275c0
Event: 0.072 Thread 0x000001c7e761d850 Thread added: 0x000001c7fee28010
Event: 0.072 Thread 0x000001c7e761d850 Thread added: 0x000001c7fee08ea0
Event: 0.072 Thread 0x000001c7e761d850 Thread added: 0x000001c7fee0afb0
Event: 0.072 Thread 0x000001c7e761d850 Thread added: 0x000001c7fee39810
Event: 0.126 Thread 0x000001c7e761d850 Thread added: 0x000001c7fefd4c10
Event: 0.130 Thread 0x000001c7e761d850 Thread added: 0x000001c7feff2170
Event: 0.139 Loaded shared library C:\Program Files\Android\Android Studio\jbr\bin\net.dll
Event: 0.143 Loaded shared library C:\Program Files\Android\Android Studio\jbr\bin\nio.dll
Event: 0.161 Thread 0x000001c7fee0afb0 Thread added: 0x000001c7ff0742b0
Event: 0.161 Thread 0x000001c7fee0afb0 Thread added: 0x000001c7ff074950
Event: 0.169 Loaded shared library C:\Program Files\Android\Android Studio\jbr\bin\zip.dll
Event: 0.208 Loaded shared library C:\Program Files\Android\Android Studio\jbr\bin\jimage.dll
Event: 1.031 Thread 0x000001c7ff074950 Thread exited: 0x000001c7ff074950
Event: 1.317 Thread 0x000001c7fee39810 Thread added: 0x000001c78472c0f0
Event: 2.390 Thread 0x000001c78472c0f0 Thread exited: 0x000001c78472c0f0
Event: 2.390 Thread 0x000001c7ff0742b0 Thread exited: 0x000001c7ff0742b0
Event: 2.530 Thread 0x000001c7fee39810 Thread added: 0x000001c7852547a0
Event: 2.770 Thread 0x000001c7fee39810 Thread added: 0x000001c78610d2f0


Dynamic libraries:
0x00007ff758520000 - 0x00007ff75852a000 	C:\Program Files\Android\Android Studio\jbr\bin\java.exe
0x00007ffdfef40000 - 0x00007ffdff1a6000 	C:\WINDOWS\SYSTEM32\ntdll.dll
0x00007ffdfdf90000 - 0x00007ffdfe059000 	C:\WINDOWS\System32\KERNEL32.DLL
0x00007ffdfc6c0000 - 0x00007ffdfcaba000 	C:\WINDOWS\System32\KERNELBASE.dll
0x00007ffdfc1d0000 - 0x00007ffdfc31c000 	C:\WINDOWS\System32\ucrtbase.dll
0x00007ffde8da0000 - 0x00007ffde8db8000 	C:\Program Files\Android\Android Studio\jbr\bin\jli.dll
0x00007ffde4b80000 - 0x00007ffde4b9b000 	C:\Program Files\Android\Android Studio\jbr\bin\VCRUNTIME140.dll
0x00007ffdfd0e0000 - 0x00007ffdfd2a7000 	C:\WINDOWS\System32\USER32.dll
0x00007ffdfc320000 - 0x00007ffdfc347000 	C:\WINDOWS\System32\win32u.dll
0x00007ffdfe9e0000 - 0x00007ffdfea0b000 	C:\WINDOWS\System32\GDI32.dll
0x00007ffde4300000 - 0x00007ffde4592000 	C:\WINDOWS\WinSxS\amd64_microsoft.windows.common-controls_6595b64144ccf1df_6.0.26100.8521_none_3e08b75ce33403b3\COMCTL32.dll
0x00007ffdfcb80000 - 0x00007ffdfccab000 	C:\WINDOWS\System32\gdi32full.dll
0x00007ffdfe930000 - 0x00007ffdfe9d9000 	C:\WINDOWS\System32\msvcrt.dll
0x00007ffdfc610000 - 0x00007ffdfc6b3000 	C:\WINDOWS\System32\msvcp_win.dll
0x00007ffdfce90000 - 0x00007ffdfcec2000 	C:\WINDOWS\System32\IMM32.DLL
0x00000000670d0000 - 0x00000000670dd000 	C:\Program Files (x86)\360\Total Security\safemon\SafeWrapper.dll
0x00007ffdfe0d0000 - 0x00007ffdfe186000 	C:\WINDOWS\System32\ADVAPI32.dll
0x00007ffdfced0000 - 0x00007ffdfcf7a000 	C:\WINDOWS\System32\sechost.dll
0x00007ffdfede0000 - 0x00007ffdfeef8000 	C:\WINDOWS\System32\RPCRT4.dll
0x00007ffdf0530000 - 0x00007ffdf0635000 	C:\Program Files (x86)\360\Total Security\safemon\libzdtp64.dll
0x00007ffdfd7b0000 - 0x00007ffdfdf34000 	C:\WINDOWS\System32\SHELL32.dll
0x00007ffdfe060000 - 0x00007ffdfe0c7000 	C:\WINDOWS\System32\SHLWAPI.dll
0x00007ffdfbc30000 - 0x00007ffdfbc3b000 	C:\WINDOWS\SYSTEM32\VERSION.dll
0x00007ffde4db0000 - 0x00007ffde4dbc000 	C:\Program Files\Android\Android Studio\jbr\bin\vcruntime140_1.dll
0x00007ffdc7200000 - 0x00007ffdc728d000 	C:\Program Files\Android\Android Studio\jbr\bin\msvcp140.dll
0x00007ffd8b810000 - 0x00007ffd8c49a000 	C:\Program Files\Android\Android Studio\jbr\bin\server\jvm.dll
0x00007ffdfd5a0000 - 0x00007ffdfd620000 	C:\WINDOWS\System32\WS2_32.dll
0x00007ffdfc030000 - 0x00007ffdfc08e000 	C:\WINDOWS\SYSTEM32\POWRPROF.dll
0x00007ffde2170000 - 0x00007ffde21a6000 	C:\WINDOWS\SYSTEM32\WINMM.dll
0x00007ffdfc010000 - 0x00007ffdfc024000 	C:\WINDOWS\SYSTEM32\UMPDC.dll
0x00007ffdfaef0000 - 0x00007ffdfaf0b000 	C:\WINDOWS\SYSTEM32\kernel.appcore.dll
0x00007ffde4660000 - 0x00007ffde466a000 	C:\Program Files\Android\Android Studio\jbr\bin\jimage.dll
0x00007ffdf9890000 - 0x00007ffdf9ad2000 	C:\WINDOWS\SYSTEM32\DBGHELP.DLL
0x00007ffdfea50000 - 0x00007ffdfedd3000 	C:\WINDOWS\System32\combase.dll
0x00007ffdfe7c0000 - 0x00007ffdfe899000 	C:\WINDOWS\System32\OLEAUT32.dll
0x00007ffde05c0000 - 0x00007ffde05fb000 	C:\WINDOWS\SYSTEM32\dbgcore.DLL
0x00007ffdfc350000 - 0x00007ffdfc3f8000 	C:\WINDOWS\System32\bcryptPrimitives.dll
0x00007ffde45f0000 - 0x00007ffde4610000 	C:\Program Files\Android\Android Studio\jbr\bin\java.dll
0x00007ffde41a0000 - 0x00007ffde41b8000 	C:\Program Files\Android\Android Studio\jbr\bin\zip.dll
0x00007ffdf9d60000 - 0x00007ffdfa5e0000 	C:\WINDOWS\SYSTEM32\windows.storage.dll
0x00007ffdfd6b0000 - 0x00007ffdfd7a6000 	C:\WINDOWS\System32\SHCORE.dll
0x00007ffdfc0f0000 - 0x00007ffdfc119000 	C:\WINDOWS\SYSTEM32\profapi.dll
0x00007ffde4650000 - 0x00007ffde4660000 	C:\Program Files\Android\Android Studio\jbr\bin\net.dll
0x00007ffdf0ee0000 - 0x00007ffdf1009000 	C:\WINDOWS\SYSTEM32\WINHTTP.dll
0x00007ffdfb460000 - 0x00007ffdfb4cc000 	C:\WINDOWS\system32\mswsock.dll
0x00007ffde4160000 - 0x00007ffde4176000 	C:\Program Files\Android\Android Studio\jbr\bin\nio.dll
0x00007ffde34e0000 - 0x00007ffde34f0000 	C:\Program Files\Android\Android Studio\jbr\bin\verify.dll

dbghelp: loaded successfully - version: 4.0.5 - missing functions: none
symbol engine: initialized successfully - sym options: 0x614 - pdb path: .;C:\Program Files\Android\Android Studio\jbr\bin;C:\WINDOWS\SYSTEM32;C:\WINDOWS\WinSxS\amd64_microsoft.windows.common-controls_6595b64144ccf1df_6.0.26100.8521_none_3e08b75ce33403b3;C:\Program Files (x86)\360\Total Security\safemon;C:\Program Files\Android\Android Studio\jbr\bin\server

VM Arguments:
java_command: org.jetbrains.kotlin.cli.jvm.K2JVMCompiler @C:\Users\admin\AndroidStudioProjects\Driveon\app\build\20260624_4350729140939835137.compiler.options
java_class_path (initial): C:\Users\admin\.gradle\caches\modules-2\files-2.1\org.jetbrains.kotlin\kotlin-compiler-embeddable\1.9.22\9cd4dc7773cf2a99ecd961a88fbbc9a2da3fb5e1\kotlin-compiler-embeddable-1.9.22.jar;C:\Users\admin\.gradle\caches\modules-2\files-2.1\org.jetbrains.kotlin\kotlin-stdlib\1.9.22\d6c44cd08d8f3f9bece8101216dbe6553365c6e3\kotlin-stdlib-1.9.22.jar;C:\Users\admin\.gradle\caches\modules-2\files-2.1\org.jetbrains.kotlin\kotlin-script-runtime\1.9.22\f8139a46fc677ec9badc49ae954392f4f5e7e7c7\kotlin-script-runtime-1.9.22.jar;C:\Users\admin\.gradle\caches\modules-2\files-2.1\org.jetbrains.kotlin\kotlin-reflect\1.6.10\1cbe9c92c12a94eea200d23c2bbaedaf3daf5132\kotlin-reflect-1.6.10.jar;C:\Users\admin\.gradle\caches\modules-2\files-2.1\org.jetbrains.kotlin\kotlin-daemon-embeddable\1.9.22\20e2c5df715f3240c765cfc222530e2796542021\kotlin-daemon-embeddable-1.9.22.jar;C:\Users\admin\.gradle\caches\modules-2\files-2.1\org.jetbrains.intellij.deps\trove4j\1.0.20200330\3afb14d5f9ceb459d724e907a21145e8ff394f02\trove4j-1.0.20200330.jar;C:\Users\admin\.gradle\caches\modules-2\files-2.1\org.jetbrains\annotations\13.0\919f0dfe192fb4e063e7dacadee7f8bb9a2672a9\annotations-13.0.jar
Launcher Type: SUN_STANDARD

[Global flags]
     intx CICompilerCount                          = 4                                         {product} {ergonomic}
     uint ConcGCThreads                            = 2                                         {product} {ergonomic}
     uint G1ConcRefinementThreads                  = 8                                         {product} {ergonomic}
   size_t G1HeapRegionSize                         = 1048576                                   {product} {ergonomic}
    uintx GCDrainStackTargetSize                   = 64                                        {product} {ergonomic}
   size_t InitialHeapSize                          = 132120576                                 {product} {ergonomic}
   size_t MarkStackSize                            = 4194304                                   {product} {ergonomic}
   size_t MaxHeapSize                              = 2107637760                                {product} {ergonomic}
   size_t MaxNewSize                               = 1264582656                                {product} {ergonomic}
   size_t MinHeapDeltaBytes                        = 1048576                                   {product} {ergonomic}
   size_t MinHeapSize                              = 8388608                                   {product} {ergonomic}
    uintx NonNMethodCodeHeapSize                   = 5839372                                {pd product} {ergonomic}
    uintx NonProfiledCodeHeapSize                  = 122909434                              {pd product} {ergonomic}
    uintx ProfiledCodeHeapSize                     = 122909434                              {pd product} {ergonomic}
    uintx ReservedCodeCacheSize                    = 251658240                              {pd product} {ergonomic}
     bool SegmentedCodeCache                       = true                                      {product} {ergonomic}
   size_t SoftMaxHeapSize                          = 2107637760                             {manageable} {ergonomic}
     bool UseCompressedOops                        = true                           {product lp64_product} {ergonomic}
     bool UseG1GC                                  = true                                      {product} {ergonomic}
     bool UseLargePagesIndividualAllocation        = false                                  {pd product} {ergonomic}

Logging:
Log output configuration:
 #0: stdout all=warning uptime,level,tags foldmultilines=false
 #1: stderr all=off uptime,level,tags foldmultilines=false

Environment Variables:
PATH=C:\WINDOWS\system32;C:\WINDOWS;C:\WINDOWS\System32\Wbem;C:\WINDOWS\System32\WindowsPowerShell\v1.0\;C:\WINDOWS\System32\OpenSSH\;C:\Program Files\MongoDB\Server\8.0\bin;C:\Program Files\Git\cmd;C:\Program Files\nodejs\;C:\Program Files\Android\Android Studio\jbr\bin;C:\Users\admin\Newone\platform-tools;C:\Users\admin\AppData\Local\Microsoft\WindowsApps;C:\Users\admin\AppData\Local\Programs\Microsoft VS Code\bin;C:\Users\admin\AppData\Local\Programs\mongosh\;C:\Users\admin\AppData\Roaming\npm;
USERNAME=admin
OS=Windows_NT
PROCESSOR_IDENTIFIER=Intel64 Family 6 Model 142 Stepping 10, GenuineIntel
TMP=C:\Users\admin\AppData\Local\Temp
TEMP=C:\Users\admin\AppData\Local\Temp




Periodic native trim disabled

JNI global refs:
JNI global refs: 14, weak refs: 15

JNI global refs memory usage: 835, weak refs: 833

Process memory usage:
Resident Set Size: 448968K (5% of 8228056K total physical memory with 675852K free physical memory)

OOME stack traces (most recent first):
Classloader memory used:
Loader jdk.internal.loader.ClassLoaders$AppClassLoader                                 : 66600K
Loader bootstrap                                                                       : 12787K

---------------  S Y S T E M  ---------------

OS:
 Windows 11 , 64 bit Build 26100 (10.0.26100.8521)
OS uptime: 12 days 14:43 hours

CPU: total 8 (initial active 8) (4 cores per cpu, 2 threads per core) family 6 model 142 stepping 10 microcode 0xf6, cx8, cmov, fxsr, ht, mmx, 3dnowpref, sse, sse2, sse3, ssse3, sse4.1, sse4.2, popcnt, lzcnt, tsc, tscinvbit, avx, avx2, aes, erms, clmul, bmi1, bmi2, rtm, adx, fma, vzeroupper, clflush, clflushopt, rdtscp, f16c
Processor Information for all 8 processors :
  Max Mhz: 1896, Current Mhz: 1696, Mhz Limit: 1687

Memory: 4k page, system-wide physical 8035M (660M free)
TotalPageFile size 32611M (AvailPageFile size 10M)
current process WorkingSet (physical memory assigned to process): 438M, peak: 438M
current process commit charge ("private bytes"): 482M, peak: 483M

vm_info: OpenJDK 64-Bit Server VM (21.0.5+-13047016-b750.29) for windows-amd64 JRE (21.0.5+-13047016-b750.29), built on 2025-02-11T21:12:39Z by "builder" with MS VC++ 16.10 / 16.11 (VS2019)

END.
